// Jest Snapshot v1, https://goo.gl/fbAQLP

exports[`LoadingIndicator snapshot hides correctly 1`] = `null`;

exports[`LoadingIndicator snapshot renders correctly 1`] = `
<View
  style={
    Object {
      "flexDirection": "row",
    }
  }
>
  <ActivityIndicator
    animating={true}
    color="#2cd4c8"
    hidesWhenStopped={true}
    size="small"
  />
  <Text
    style={
      Object {
        "color": "#fff",
        "fontSize": 16,
        "lineHeight": 30,
      }
    }
  >
    Loading...
  </Text>
</View>
`;
